<html>
<body>
<pre>
<h1>µVision Build Log</h1>
<h2>Tool Versions:</h2>
IDE-Version: ¦ÌVision V5.26.2.0
Copyright (C) 2018 ARM Ltd and ARM Germany GmbH. All rights reserved.
License Information:     ,   , LIC=WHYH9-4GBA3-WFCI7-EP6HC-9ZMPK-P5WBR
 
Tool Versions:
Toolchain:       MDK-ARM Plus  Version: 5.26.2.0
Toolchain Path:  D:\MDK\ARM\ARMCC\Bin
C Compiler:      Armcc.exe V5.06 update 6 (build 750)
Assembler:       Armasm.exe V5.06 update 6 (build 750)
Linker/Locator:  ArmLink.exe V5.06 update 6 (build 750)
Library Manager: ArmAr.exe V5.06 update 6 (build 750)
Hex Converter:   FromElf.exe V5.06 update 6 (build 750)
CPU DLL:         SARMCM3.DLL V5.26.2.0
Dialog DLL:      DARMSTM.DLL V1.68.0.0
Target DLL:      CMSIS_AGDI.dll V1.30.6.0
Dialog DLL:      TARMSTM.DLL V1.66.0.0
 
<h2>Project:</h2>
C:\Users\86138\Desktop\graduation_project\sofawave\stm32\STA\STA\Project\RVMDK£¨uv5£©\BH-F103.uvprojx
Project File Date:  03/14/2022

<h2>Output:</h2>
*** Using Compiler 'V5.06 update 6 (build 750)', folder: 'D:\MDK\ARM\ARMCC\Bin'
Build target 'USART'
compiling main.c...
..\..\User\1667\sc1667.h(134): warning:  #1-D: last line of file ends without a newline
  																			 
..\..\User\main.c(197): warning:  #223-D: function "SysTick_Init" declared implicitly
  	SysTick_Init();
..\..\User\main.c(182): warning:  #177-D: variable "flash_index"  was declared but never referenced
  	int8_t flash_index=0;
..\..\User\main.c(262): warning:  #177-D: variable "i"  was declared but never referenced
  		uint8_t i,j;
..\..\User\main.c(262): warning:  #177-D: variable "j"  was declared but never referenced
  		uint8_t i,j;
..\..\User\main.c: 5 warnings, 0 errors
linking...
Program Size: Code=40648 RO-data=18408 RW-data=528 ZI-data=9136  
FromELF: creating hex file...
"..\..\Output\USART.axf" - 0 Error(s), 5 Warning(s).

<h2>Software Packages used:</h2>

Package Vendor: Keil
                http://www.keil.com/pack/Keil.STM32F1xx_DFP.2.1.0.pack
                Keil.STM32F1xx_DFP.2.1.0
                STMicroelectronics STM32F1 Series Device Support, Drivers and Examples

<h2>Collection of Component include folders:</h2>
  .\RTE\_USART
  D:\MDK\ARM\PACK\Keil\STM32F1xx_DFP\2.1.0\Device\Include

<h2>Collection of Component Files used:</h2>
Build Time Elapsed:  00:00:01
</pre>
</body>
</html>
